ethernetif.c:683:9:ETH_PHY_IO_DeInit	0	static
ethernetif.c:431:14:low_level_output	64	static
ethernetif.c:625:6:pbuf_free_custom	0	static
ethernetif.c:726:9:ETH_PHY_IO_GetTick	0	static
ethernetif.c:666:9:ETH_PHY_IO_Init	8	static
ethernetif.c:695:9:ETH_PHY_IO_ReadReg	8	static
ethernetif.c:712:9:ETH_PHY_IO_WriteReg	8	static
ethernetif.c:523:6:ethernetif_input	104	static
ethernetif.c:138:6:HAL_ETH_MspInit	64	static
ethernetif.c:200:6:HAL_ETH_MspDeInit	8	static
ethernetif.c:242:6:HAL_ETH_RxCpltCallback	0	static
ethernetif.c:581:7:ethernetif_init	176	static
ethernetif.c:640:7:sys_jiffies	0	static
ethernetif.c:651:7:sys_now	0	static
ethernetif.c:736:6:ethernet_link_thread	136	static
