smtp.c:914:1:smtp_base64_encode	56	static
smtp.c:1141:1:smtp_prepare_mail	24	static
smtp.c:757:1:smtp_free	32	static
smtp.c:772:1:smtp_close	24	static
smtp.c:844:1:smtp_tcp_connected	16	static
smtp.c:794:1:smtp_tcp_err	0	static
smtp.c:457:1:smtp_setup_pcb.isra.3	16	static
smtp.c:484:1:smtp_send_mail_alloced	32	static
smtp.c:863:1:smtp_dns_found	24	static
smtp.c:1215:1:smtp_send_body	24	static
smtp.c:1265:1:smtp_process	56	static
smtp.c:819:1:smtp_tcp_sent	8	static
smtp.c:805:1:smtp_tcp_poll	8	static
smtp.c:830:1:smtp_tcp_recv	24	static
smtp.c:349:1:smtp_set_server_addr	16	static
smtp.c:375:1:smtp_set_server_port	0	static
smtp.c:402:1:smtp_set_auth	24	static
smtp.c:585:1:smtp_send_mail	56	static
smtp.c:640:1:smtp_send_mail_static	32	static
smtp.c:695:1:smtp_send_mail_int	32	static
