sockets.c:357:1:sock_inc_used_locked	16	static
sockets.c:335:1:sock_inc_used	16	static
sockets.c:501:1:alloc_socket	32	static
sockets.c:1771:1:lwip_link_select_cb	8	static
sockets.c:1795:1:lwip_unlink_select_cb	16	static
sockets.c:572:1:free_socket_free_elements	8	static
sockets.c:920:1:lwip_recv_tcp	48	static
sockets.c:1907:1:lwip_select_inc_sockets_used_set.part.3	48	static
sockets.c:1023:1:lwip_sock_make_addr.isra.4	40	static
sockets.c:1088:1:lwip_recvfrom_udp_raw.isra.7	48	static
sockets.c:594:1:free_socket	32	static
sockets.c:377:1:done_socket	32	static
sockets.c:460:1:tryget_socket	16	static
sockets.c:1835:1:lwip_selscan	80	static
sockets.c:1944:1:lwip_select_dec_sockets_used	32	static
sockets.c:2193:1:lwip_pollscan	72	static
sockets.c:2299:1:lwip_poll_dec_sockets_used.part.6	24	static
sockets.c:2700:1:lwip_getaddrname	48	static
sockets.c:2477:1:event_callback	48	static
sockets.c:320:1:lwip_socket_thread_init	0	static
sockets.c:327:1:lwip_socket_thread_cleanup	0	static
sockets.c:422:1:lwip_socket_dbg_get_socket	0	static
sockets.c:620:1:lwip_accept	64	static
sockets.c:718:1:lwip_bind	24	static
sockets.c:772:1:lwip_close	16	static
sockets.c:813:1:lwip_connect	24	static
sockets.c:881:1:lwip_listen	16	static
sockets.c:1199:1:lwip_recvfrom	80	static
sockets.c:1252:1:lwip_read	16	static
sockets.c:1275:1:lwip_recv	16	static
sockets.c:1281:1:lwip_recvmsg	56	static
sockets.c:1258:1:lwip_readv	40	static
sockets.c:1422:1:lwip_sendmsg	56	static
sockets.c:1585:1:lwip_sendto	48	static
sockets.c:1382:1:lwip_send	40	static
sockets.c:1685:1:lwip_socket	16	static
sockets.c:1746:1:lwip_write	0	static
sockets.c:1752:1:lwip_writev	40	static
sockets.c:1964:1:lwip_select	144	static
sockets.c:2319:1:lwip_poll	64	static
sockets.c:2655:1:lwip_shutdown	16	static
sockets.c:2747:1:lwip_getpeername	0	static
sockets.c:2753:1:lwip_getsockname	0	static
sockets.c:2759:1:lwip_getsockopt	32	static
sockets.c:3205:1:lwip_setsockopt	24	static
sockets.c:3743:1:lwip_ioctl	16	static
sockets.c:3836:1:lwip_fcntl	16	static
sockets.c:3919:1:lwip_inet_ntop	8	static
sockets.c:3952:1:lwip_inet_pton	0	static
