ff.c:771:9:chk_lock	8	static
ff.c:808:6:inc_lock	16	static
ff.c:2904:5:get_ldnumber	4	static
ff.c:1893:6:xname_sum	16	static
ff.c:693:6:mem_cpy.part.0	0	static
ff.c:883:9:sync_window.part.5	24	static
ff.c:944:9:sync_fs	24	static
ff.c:912:9:move_window.part.6	16	static
ff.c:1187:9:change_bitmap	32	static
ff.c:1001:7:get_fat	24	static
ff.c:1470:9:dir_sdi	24	static
ff.c:2965:6:check_fs	8	static
ff.c:2993:9:find_volume	64	static
ff.c:1081:9:put_fat.part.8	24	static
ff.c:1271:9:remove_chain	32	static
ff.c:1246:9:fill_last_frag.isra.9	24	static
ff.c:1223:9:fill_first_frag.part.10	16	static
ff.c:751:6:unlock_fs.part.11	0	static
ff.c:2444:6:get_fileinfo	32	static
ff.c:1351:7:create_chain	40	static
ff.c:1519:9:dir_next	40	static
ff.c:1978:9:load_xdir	24	static
ff.c:1589:9:dir_alloc	24	static
ff.c:2056:9:store_xdir	32	static
ff.c:2396:9:dir_remove	24	static
ff.c:2131:9:dir_read.constprop	32	static
ff.c:2210:9:dir_find	64	static
ff.c:2813:9:follow_path	64	static
ff.c:3216:9:validate	16	static
ff.c:2292:9:dir_register	144	static
ff.c:3260:9:f_mount	40	static
ff.c:3308:9:f_open	144	static
ff.c:3511:9:f_read	72	static
ff.c:3611:9:f_write	64	static
ff.c:5917:6:putc_bfd	24	static
ff.c:5973:5:putc_flush	16	static
ff.c:3732:9:f_sync	128	static
ff.c:3813:9:f_close	24	static
ff.c:4001:9:f_lseek	72	static
ff.c:4162:9:f_opendir	56	static
ff.c:4232:9:f_closedir	24	static
ff.c:4265:9:f_readdir	32	static
ff.c:4353:9:f_stat	104	static
ff.c:4388:9:f_getfree	96	static
ff.c:4475:9:f_truncate	32	static
ff.c:4525:9:f_unlink	272	static
ff.c:4620:9:f_mkdir	136	static
ff.c:4717:9:f_rename	264	static
ff.c:5301:9:f_mkfs	144	static
ff.c:5830:8:f_gets	32	static
ff.c:5998:5:f_putc	88	static
ff.c:6018:5:f_puts	96	static
ff.c:6038:5:f_printf	148	static
