snmp_threadsync.c:151:1:get_instance_synced	8	static
snmp_threadsync.c:79:1:threadsync_set_test_synced	8	static
snmp_threadsync.c:105:1:threadsync_set_value_synced	8	static
snmp_threadsync.c:54:1:threadsync_get_value_synced	8	static
snmp_threadsync.c:131:1:threadsync_release_instance_synced	8	static
snmp_threadsync.c:162:1:get_next_instance_synced	8	static
snmp_threadsync.c:45:1:call_synced_function	16	static
snmp_threadsync.c:173:1:do_sync	32	static
snmp_threadsync.c:93:1:threadsync_set_test	8	static
snmp_threadsync.c:119:1:threadsync_set_value	8	static
snmp_threadsync.c:68:1:threadsync_get_value	8	static
snmp_threadsync.c:141:1:threadsync_release_instance	0	static
snmp_threadsync.c:209:1:snmp_threadsync_get_instance	0	static
snmp_threadsync.c:215:1:snmp_threadsync_get_next_instance	0	static
snmp_threadsync.c:221:6:snmp_threadsync_init	16	static
