snmp_mib2_tcp.c:62:1:tcp_get_value	4	static
snmp_mib2_tcp.c:470:1:tcp_ListenerTable_get_next_cell_instance_and_value	208	static
snmp_mib2_tcp.c:374:1:tcp_ConnectionTable_get_next_cell_instance_and_value	376	static
snmp_mib2_tcp.c:330:1:tcp_ConnectionTable_get_cell_value	56	static
snmp_mib2_tcp.c:439:1:tcp_ListenerTable_get_cell_value	24	static
snmp_mib2_tcp.c:165:1:tcp_ConnTable_get_cell_value_core.isra.3	8	static
snmp_mib2_tcp.c:256:1:tcp_ConnTable_get_next_cell_instance_and_value	152	static
snmp_mib2_tcp.c:203:1:tcp_ConnTable_get_cell_value	32	static
